// Jest Snapshot v1, https://goo.gl/fbAQLP

exports[`Pruebas en <AddCategory /> debe de mostrarse correctamente 1`] = `
<form
  onSubmit={[Function]}
>
  <label
    htmlFor="search"
  >
    Search
  </label>
  <p />
  <input
    id="search"
    onChange={[Function]}
    type="text"
    value=""
  />
</form>
`;
